// Jest Snapshot v1, https://goo.gl/fbAQLP

exports[`Header renders the header 1`] = `
<DocumentFragment>
  <header
    class="sc-bczRLJ fNAhah"
  >
    <div
      class="sc-hKMtZM bkSyjT"
    >
      <a
        class="sc-dkzDqf iflLIM"
        href="/"
      >
        <span
          class="sc-ftvSup dybfDo"
        >
          travel
        </span>
        Gram
      </a>
    </div>
    <div
      class="sc-jSMfEi heNKbs"
    >
      <nav
        class="sc-eCYdqJ jWlGGJ"
      >
        <ul
          class="sc-gsnTZi fbDbaA"
        >
          <li>
            <a
              class="sc-gKXOVf frrZiV"
              href="/"
            >
              Home
            </a>
          </li>
          <li>
            <a
              class="sc-gKXOVf frrZiV"
              href="/about"
            >
              About
            </a>
          </li>
          <li>
            <a
              class="sc-gKXOVf frrZiV"
              data-testid="our-users-link"
              href="/our-users"
            >
              Our Users
            </a>
          </li>
          <li>
            <a
              class="sc-gKXOVf frrZiV"
              data-testid="login-link"
              href="/login"
            >
              Login
            </a>
          </li>
          <li>
            <a
              class="sc-gKXOVf frrZiV"
              data-testid="register-link"
              href="/register"
              style="margin-right: 0px;"
            >
              Register
            </a>
          </li>
        </ul>
      </nav>
    </div>
  </header>
</DocumentFragment>
`;
