// Jest Snapshot v1, https://goo.gl/fbAQLP

exports[`Register renders the register user page 1`] = `
<DocumentFragment>
  <div
    class="sc-bczRLJ doKmgW"
  >
    <div
      class="sc-gKXOVf lglQeP"
    >
      <div
        class="sc-hKMtZM eaZWLe"
      >
        <h1
          class="sc-eCYdqJ cPjzgk"
        >
          Register
        </h1>
        <p>
          Register to create an account
        </p>
      </div>
      <form>
        <div>
          <label
            for="avatar"
          >
            Add Profile Picture:
          </label>
          <br />
          <input
            class="sc-papXJ hVPUAB"
            required=""
            style="margin-top: 4px;"
            type="file"
          />
        </div>
        <div
          class="sc-jSMfEi cbYRGd"
        >
          <label
            for="name"
          >
            Name:
          </label>
          <input
            class="sc-gsnTZi dYzNv"
            data-testid="name-input"
            required=""
            type="text"
            value=""
          />
        </div>
        <div
          class="sc-jSMfEi cbYRGd"
        >
          <label
            for="username"
          >
            Username:
          </label>
          <input
            class="sc-gsnTZi dYzNv"
            data-testid="username-input"
            required=""
            type="text"
            value=""
          />
        </div>
        <div
          class="sc-jSMfEi cbYRGd"
        >
          <label
            for="email"
          >
            Email:
          </label>
          <input
            class="sc-gsnTZi dYzNv"
            data-testid="email-input"
            required=""
            type="text"
            value=""
          />
        </div>
        <div
          class="sc-jSMfEi cbYRGd"
        >
          <label
            for="password"
          >
            Password:
          </label>
          <input
            class="sc-gsnTZi dYzNv"
            data-testid="password-input"
            required=""
            type="password"
            value=""
          />
        </div>
        <div
          class="sc-jSMfEi cbYRGd"
        >
          <label
            for="confirmPassword"
          >
            Confirm Password:
          </label>
          <input
            class="sc-gsnTZi dYzNv"
            data-testid="confirm-password-input"
            required=""
            type="password"
            value=""
          />
        </div>
        <div>
          <button
            class="sc-dkzDqf kmGjhI"
            data-testid="register-button"
            type="submit"
          >
            Register
          </button>
        </div>
        <div
          class="sc-iBkjds jxABVU"
        >
          <a
            class="sc-ftvSup eRLnRy"
            href="/login"
          >
            Login Instead
          </a>
        </div>
      </form>
    </div>
  </div>
</DocumentFragment>
`;
