// Jest Snapshot v1, https://goo.gl/fbAQLP

exports[`UploadImage renders the upload image page 1`] = `
<DocumentFragment>
  <div>
    <form
      data-testid="form"
    >
      <div>
        <input
          data-testid="image-upload-input"
          type="file"
        />
      </div>
      <div>
        <input
          data-testid="caption-input"
          placeholder="caption"
          required=""
          type="text"
          value=""
        />
      </div>
      <div>
        <input
          data-testid="image-location-input"
          placeholder="imageLocation"
          required=""
          type="text"
          value=""
        />
      </div>
      <div>
        <button
          data-testid="upload-button"
          type="submit"
        >
          Upload
        </button>
      </div>
    </form>
  </div>
</DocumentFragment>
`;
