// Jest Snapshot v1, https://goo.gl/fbAQLP

exports[`UserProfile renders the user profile page 1`] = `
<DocumentFragment>
  <div>
    <div>
      <h1>
         - My Images
      </h1>
      <h3
        data-testid="no-images"
      >
        This user has not uploaded any images yet.
      </h3>
    </div>
  </div>
</DocumentFragment>
`;
